[2023-01-20 03:58:53] Shutting down previous instances.
sh: 1: kill: Usage: kill [-s sigspec | -signum | -sigspec] [pid | job]... or
kill -l [exitstatus]
[2023-01-20 03:58:53] Starting: MLB_NETWORK
[2023-01-20 03:58:53] Killing directory if exists.
[2023-01-20 03:58:53] Creating new directory.
[2023-01-20 03:58:53] Grabbing DASH playlist.
[2023-01-20 03:58:53] https://dce-fs-live-dazn-cdn.dazn.com/dashdrm/dazn-linear-026/stream.mpd?p=web
[2023-01-20 03:58:53] Creating playlist.txt file.
[2023-01-20 03:58:53] /home/mini_cs/video/MLB_NETWORK
[2023-01-20 03:58:53] /home/mini_cs/video/MLB_NETWORK
[2023-01-20 03:58:53] Start loop handler.
[2023-01-20 03:58:53] Memory usage: 0.61 MB
[2023-01-20 03:58:53] DRM Processes: 10
[2023-01-20 03:58:53] Fetching segments...
[2023-01-20 03:58:53] PSSH: AAAARXBzc2gAAAAA7e+LqXnWSs6jyCfc1R0h7QAAACUIARIQz7XitzvvTzyHjyWrhqdFHyIPZGF6bi1saW5lYXItMDI2
[2023-01-20 03:58:53] Trying to find audio track for language <strong>NL</strong>...
[2023-01-20 03:58:53] Couldn't find audio track
[2023-01-20 03:58:53] Audio stream set to <strong>EN</strong>
[2023-01-20 03:58:53] Get keys for ID: MLB_NETWORK
[2023-01-20 03:58:53] Got keys: cfb5e2b73bef4f3c878f25ab86a7451f:0d6712bf2a84edcc93d001a9613f6fec
[2023-01-20 03:58:53] Got keys!
[2023-01-20 03:58:53] Downloading 10 audio segments...
[2023-01-20 03:58:53] Downloading 10 video segments...
[2023-01-20 03:58:53] Processing segment: 301353676992000
[2023-01-20 03:58:53] Combining segments...
[2023-01-20 03:58:53] Processing segment: 301353677337600
[2023-01-20 03:58:53] Combining segments...
[2023-01-20 03:58:53] Processing segment: 301353677683200
[2023-01-20 03:58:53] Combining segments...
[2023-01-20 03:58:53] Processing segment: 301353678028800
[2023-01-20 03:58:53] Combining segments...
[2023-01-20 03:58:53] Processing segment: 301353678374400
[2023-01-20 03:58:53] Combining segments...
[2023-01-20 03:58:53] Processing segment: 301353678720000
[2023-01-20 03:58:53] Combining segments...
[2023-01-20 03:58:53] Processing segment: 301353679065600
[2023-01-20 03:58:53] Combining segments...
[2023-01-20 03:58:53] Processing segment: 301353679411200
[2023-01-20 03:58:53] Combining segments...
[2023-01-20 03:58:53] Processing segment: 301353679756800
[2023-01-20 03:58:53] Combining segments...
[2023-01-20 03:58:53] Processing segment: 301353680102400
[2023-01-20 03:58:53] Combining segments...
[2023-01-20 03:58:53] Finished processing segments.
[2023-01-20 03:58:53] Skip sleep period.
[2023-01-20 03:58:53] Current number of segments downloaded: 10
[2023-01-20 03:58:53] Updating segment text list.
[2023-01-20 03:58:53] Starting Ffmpeg playlist.
[2023-01-20 03:58:53] Clearing old segments.
[2023-01-20 03:58:53] Backup database to file.

[2023-01-20 03:58:56] Start loop handler.
[2023-01-20 03:58:56] Memory usage: 0.61 MB
[2023-01-20 03:58:56] DRM Processes: 12
[2023-01-20 03:58:56] Fetching segments...
[2023-01-20 03:58:56] PSSH: AAAARXBzc2gAAAAA7e+LqXnWSs6jyCfc1R0h7QAAACUIARIQz7XitzvvTzyHjyWrhqdFHyIPZGF6bi1saW5lYXItMDI2
[2023-01-20 03:58:56] Trying to find audio track for language <strong>NL</strong>...
[2023-01-20 03:58:56] Couldn't find audio track
[2023-01-20 03:58:56] Audio stream set to <strong>EN</strong>
[2023-01-20 03:58:56] Key already cached.
[2023-01-20 03:58:56] Downloading 2 audio segments...
[2023-01-20 03:58:56] Downloading 2 video segments...
[2023-01-20 03:58:56] Processing segment: 301353680448000
[2023-01-20 03:58:57] Combining segments...
[2023-01-20 03:58:57] Processing segment: 301353680793600
[2023-01-20 03:58:57] Combining segments...
[2023-01-20 03:58:57] Finished processing segments.
[2023-01-20 03:58:57] Skip sleep period.
[2023-01-20 03:58:57] Current number of segments downloaded: 12
[2023-01-20 03:58:57] Updating segment text list.
[2023-01-20 03:58:57] Getting stream information.
[2023-01-20 03:58:57] Clearing old segments.
[2023-01-20 03:58:57] Backup database to file.

[2023-01-20 03:59:00] Start loop handler.
[2023-01-20 03:59:00] Memory usage: 0.62 MB
[2023-01-20 03:59:00] DRM Processes: 10
[2023-01-20 03:59:00] Fetching segments...
[2023-01-20 03:59:00] PSSH: AAAARXBzc2gAAAAA7e+LqXnWSs6jyCfc1R0h7QAAACUIARIQz7XitzvvTzyHjyWrhqdFHyIPZGF6bi1saW5lYXItMDI2
[2023-01-20 03:59:00] Trying to find audio track for language <strong>NL</strong>...
[2023-01-20 03:59:00] Couldn't find audio track
[2023-01-20 03:59:00] Audio stream set to <strong>EN</strong>
[2023-01-20 03:59:00] Key already cached.
[2023-01-20 03:59:00] Downloading 2 audio segments...
[2023-01-20 03:59:00] Downloading 2 video segments...
[2023-01-20 03:59:00] Processing segment: 301353681139200
[2023-01-20 03:59:00] Combining segments...
[2023-01-20 03:59:00] Processing segment: 301353681484800
[2023-01-20 03:59:00] Combining segments...
[2023-01-20 03:59:00] Finished processing segments.
[2023-01-20 03:59:00] Skip sleep period.
[2023-01-20 03:59:00] Current number of segments downloaded: 14
[2023-01-20 03:59:00] Updating segment text list.
[2023-01-20 03:59:00] Clearing old segments.
[2023-01-20 03:59:00] Backup database to file.

[2023-01-20 03:59:03] Start loop handler.
[2023-01-20 03:59:03] Memory usage: 0.62 MB
[2023-01-20 03:59:03] DRM Processes: 14
[2023-01-20 03:59:03] Fetching segments...
[2023-01-20 03:59:03] PSSH: AAAARXBzc2gAAAAA7e+LqXnWSs6jyCfc1R0h7QAAACUIARIQz7XitzvvTzyHjyWrhqdFHyIPZGF6bi1saW5lYXItMDI2
[2023-01-20 03:59:03] Trying to find audio track for language <strong>NL</strong>...
[2023-01-20 03:59:03] Couldn't find audio track
[2023-01-20 03:59:03] Audio stream set to <strong>EN</strong>
[2023-01-20 03:59:03] Key already cached.
[2023-01-20 03:59:03] Downloading 1 audio segments...
[2023-01-20 03:59:03] Downloading 1 video segments...
[2023-01-20 03:59:03] Processing segment: 301353681830400
[2023-01-20 03:59:03] Combining segments...
[2023-01-20 03:59:03] Finished processing segments.
[2023-01-20 03:59:03] Skip sleep period.
[2023-01-20 03:59:03] Current number of segments downloaded: 15
[2023-01-20 03:59:03] Updating segment text list.
[2023-01-20 03:59:03] Clearing old segments.
[2023-01-20 03:59:03] Backup database to file.

[2023-01-20 03:59:06] Start loop handler.
[2023-01-20 03:59:06] Memory usage: 0.62 MB
[2023-01-20 03:59:06] DRM Processes: 16
[2023-01-20 03:59:06] Fetching segments...
[2023-01-20 03:59:06] PSSH: AAAARXBzc2gAAAAA7e+LqXnWSs6jyCfc1R0h7QAAACUIARIQz7XitzvvTzyHjyWrhqdFHyIPZGF6bi1saW5lYXItMDI2
[2023-01-20 03:59:06] Trying to find audio track for language <strong>NL</strong>...
[2023-01-20 03:59:06] Couldn't find audio track
[2023-01-20 03:59:06] Audio stream set to <strong>EN</strong>
[2023-01-20 03:59:06] Key already cached.
[2023-01-20 03:59:06] Downloading 2 audio segments...
[2023-01-20 03:59:06] Downloading 2 video segments...
[2023-01-20 03:59:06] Processing segment: 301353682176000
[2023-01-20 03:59:06] Combining segments...
[2023-01-20 03:59:06] Processing segment: 301353682521600
[2023-01-20 03:59:06] Combining segments...
[2023-01-20 03:59:06] Finished processing segments.
[2023-01-20 03:59:06] Skip sleep period.
[2023-01-20 03:59:06] Current number of segments downloaded: 17
[2023-01-20 03:59:06] Updating segment text list.
[2023-01-20 03:59:06] Clearing old segments.
[2023-01-20 03:59:06] Backup database to file.

[2023-01-20 03:59:09] Start loop handler.
[2023-01-20 03:59:09] Memory usage: 0.62 MB
[2023-01-20 03:59:09] DRM Processes: 15
[2023-01-20 03:59:09] Fetching segments...
[2023-01-20 03:59:09] PSSH: AAAARXBzc2gAAAAA7e+LqXnWSs6jyCfc1R0h7QAAACUIARIQz7XitzvvTzyHjyWrhqdFHyIPZGF6bi1saW5lYXItMDI2
[2023-01-20 03:59:09] Trying to find audio track for language <strong>NL</strong>...
[2023-01-20 03:59:09] Couldn't find audio track
[2023-01-20 03:59:09] Audio stream set to <strong>EN</strong>
[2023-01-20 03:59:09] Key already cached.
[2023-01-20 03:59:09] Downloading 2 audio segments...
[2023-01-20 03:59:09] Downloading 2 video segments...
[2023-01-20 03:59:09] Processing segment: 301353682867200
[2023-01-20 03:59:09] Combining segments...
[2023-01-20 03:59:09] Processing segment: 301353683212800
[2023-01-20 03:59:10] Combining segments...
[2023-01-20 03:59:10] Finished processing segments.
[2023-01-20 03:59:10] Skip sleep period.
[2023-01-20 03:59:10] Current number of segments downloaded: 19
[2023-01-20 03:59:10] Updating segment text list.
[2023-01-20 03:59:10] Clearing old segments.
[2023-01-20 03:59:10] Backup database to file.

[2023-01-20 03:59:13] Start loop handler.
[2023-01-20 03:59:13] Memory usage: 0.62 MB
[2023-01-20 03:59:13] DRM Processes: 16
[2023-01-20 03:59:13] Fetching segments...
[2023-01-20 03:59:13] PSSH: AAAARXBzc2gAAAAA7e+LqXnWSs6jyCfc1R0h7QAAACUIARIQz7XitzvvTzyHjyWrhqdFHyIPZGF6bi1saW5lYXItMDI2
[2023-01-20 03:59:13] Trying to find audio track for language <strong>NL</strong>...
[2023-01-20 03:59:13] Couldn't find audio track
[2023-01-20 03:59:13] Audio stream set to <strong>EN</strong>
[2023-01-20 03:59:13] Key already cached.
[2023-01-20 03:59:13] Downloading 2 audio segments...
[2023-01-20 03:59:13] Downloading 2 video segments...
[2023-01-20 03:59:13] Processing segment: 301353683558400
[2023-01-20 03:59:13] Combining segments...
[2023-01-20 03:59:13] Processing segment: 301353683904000
[2023-01-20 03:59:13] Combining segments...
[2023-01-20 03:59:13] Finished processing segments.
[2023-01-20 03:59:13] Skip sleep period.
[2023-01-20 03:59:13] Current number of segments downloaded: 21
[2023-01-20 03:59:13] Updating segment text list.
[2023-01-20 03:59:13] Clearing old segments.
[2023-01-20 03:59:13] Backup database to file.

[2023-01-20 03:59:16] Start loop handler.
[2023-01-20 03:59:16] Memory usage: 0.62 MB
[2023-01-20 03:59:16] DRM Processes: 14
[2023-01-20 03:59:16] Fetching segments...
[2023-01-20 03:59:16] PSSH: AAAARXBzc2gAAAAA7e+LqXnWSs6jyCfc1R0h7QAAACUIARIQz7XitzvvTzyHjyWrhqdFHyIPZGF6bi1saW5lYXItMDI2
[2023-01-20 03:59:16] Trying to find audio track for language <strong>NL</strong>...
[2023-01-20 03:59:16] Couldn't find audio track
[2023-01-20 03:59:16] Audio stream set to <strong>EN</strong>
[2023-01-20 03:59:16] Key already cached.
[2023-01-20 03:59:16] Downloading 1 audio segments...
[2023-01-20 03:59:16] Downloading 1 video segments...
[2023-01-20 03:59:16] Processing segment: 301353684249600
[2023-01-20 03:59:16] Combining segments...
[2023-01-20 03:59:16] Finished processing segments.
[2023-01-20 03:59:16] Skip sleep period.
[2023-01-20 03:59:16] Current number of segments downloaded: 22
[2023-01-20 03:59:16] Updating segment text list.
[2023-01-20 03:59:16] Clearing old segments.
[2023-01-20 03:59:16] Backup database to file.

[2023-01-20 03:59:19] Start loop handler.
[2023-01-20 03:59:19] Memory usage: 0.62 MB
[2023-01-20 03:59:19] DRM Processes: 14
[2023-01-20 03:59:19] Fetching segments...
[2023-01-20 03:59:19] PSSH: AAAARXBzc2gAAAAA7e+LqXnWSs6jyCfc1R0h7QAAACUIARIQz7XitzvvTzyHjyWrhqdFHyIPZGF6bi1saW5lYXItMDI2
[2023-01-20 03:59:19] Trying to find audio track for language <strong>NL</strong>...
[2023-01-20 03:59:19] Couldn't find audio track
[2023-01-20 03:59:19] Audio stream set to <strong>EN</strong>
[2023-01-20 03:59:19] Key already cached.
[2023-01-20 03:59:19] Downloading 2 audio segments...
[2023-01-20 03:59:19] Downloading 2 video segments...
[2023-01-20 03:59:19] Processing segment: 301353684595200
[2023-01-20 03:59:19] Combining segments...
[2023-01-20 03:59:19] Processing segment: 301353684940800
[2023-01-20 03:59:19] Combining segments...
[2023-01-20 03:59:19] Finished processing segments.
[2023-01-20 03:59:19] Skip sleep period.
[2023-01-20 03:59:19] Current number of segments downloaded: 24
[2023-01-20 03:59:19] Updating segment text list.
[2023-01-20 03:59:19] Clearing old segments.
[2023-01-20 03:59:19] Backup database to file.

[2023-01-20 03:59:22] Start loop handler.
[2023-01-20 03:59:22] Memory usage: 0.62 MB
[2023-01-20 03:59:22] DRM Processes: 14
[2023-01-20 03:59:22] Fetching segments...
[2023-01-20 03:59:22] PSSH: AAAARXBzc2gAAAAA7e+LqXnWSs6jyCfc1R0h7QAAACUIARIQz7XitzvvTzyHjyWrhqdFHyIPZGF6bi1saW5lYXItMDI2
[2023-01-20 03:59:22] Trying to find audio track for language <strong>NL</strong>...
[2023-01-20 03:59:22] Couldn't find audio track
[2023-01-20 03:59:22] Audio stream set to <strong>EN</strong>
[2023-01-20 03:59:22] Key already cached.
[2023-01-20 03:59:22] Downloading 1 audio segments...
[2023-01-20 03:59:22] Downloading 1 video segments...
[2023-01-20 03:59:22] Processing segment: 301353685286400
[2023-01-20 03:59:23] Combining segments...
[2023-01-20 03:59:23] Finished processing segments.
[2023-01-20 03:59:23] Skip sleep period.
[2023-01-20 03:59:23] Current number of segments downloaded: 25
[2023-01-20 03:59:23] Updating segment text list.
[2023-01-20 03:59:23] Clearing old segments.
[2023-01-20 03:59:23] Backup database to file.

[2023-01-20 03:59:26] Start loop handler.
[2023-01-20 03:59:26] Memory usage: 0.62 MB
[2023-01-20 03:59:26] DRM Processes: 14
[2023-01-20 03:59:26] Fetching segments...
[2023-01-20 03:59:26] PSSH: AAAARXBzc2gAAAAA7e+LqXnWSs6jyCfc1R0h7QAAACUIARIQz7XitzvvTzyHjyWrhqdFHyIPZGF6bi1saW5lYXItMDI2
[2023-01-20 03:59:26] Trying to find audio track for language <strong>NL</strong>...
[2023-01-20 03:59:26] Couldn't find audio track
[2023-01-20 03:59:26] Audio stream set to <strong>EN</strong>
[2023-01-20 03:59:26] Key already cached.
[2023-01-20 03:59:26] Downloading 2 audio segments...
[2023-01-20 03:59:26] Downloading 2 video segments...
[2023-01-20 03:59:26] Processing segment: 301353685632000
[2023-01-20 03:59:26] Combining segments...
[2023-01-20 03:59:26] Processing segment: 301353685977600
[2023-01-20 03:59:26] Combining segments...
[2023-01-20 03:59:26] Finished processing segments.
[2023-01-20 03:59:26] Skip sleep period.
[2023-01-20 03:59:26] Current number of segments downloaded: 27
[2023-01-20 03:59:26] Updating segment text list.
[2023-01-20 03:59:26] Clearing old segments.
[2023-01-20 03:59:26] Backup database to file.

[2023-01-20 03:59:29] Start loop handler.
[2023-01-20 03:59:29] Memory usage: 0.62 MB
[2023-01-20 03:59:29] DRM Processes: 14
[2023-01-20 03:59:29] Fetching segments...
[2023-01-20 03:59:29] PSSH: AAAARXBzc2gAAAAA7e+LqXnWSs6jyCfc1R0h7QAAACUIARIQz7XitzvvTzyHjyWrhqdFHyIPZGF6bi1saW5lYXItMDI2
[2023-01-20 03:59:29] Trying to find audio track for language <strong>NL</strong>...
[2023-01-20 03:59:29] Couldn't find audio track
[2023-01-20 03:59:29] Audio stream set to <strong>EN</strong>
[2023-01-20 03:59:29] Key already cached.
[2023-01-20 03:59:29] Downloading 1 audio segments...
[2023-01-20 03:59:29] Downloading 1 video segments...
[2023-01-20 03:59:29] Processing segment: 301353686323200
[2023-01-20 03:59:29] Combining segments...
[2023-01-20 03:59:29] Finished processing segments.
[2023-01-20 03:59:29] Skip sleep period.
[2023-01-20 03:59:29] Current number of segments downloaded: 28
[2023-01-20 03:59:29] Updating segment text list.
[2023-01-20 03:59:29] Clearing old segments.
[2023-01-20 03:59:29] Backup database to file.

[2023-01-20 03:59:32] Start loop handler.
[2023-01-20 03:59:32] Memory usage: 0.62 MB
[2023-01-20 03:59:32] DRM Processes: 14
[2023-01-20 03:59:32] Fetching segments...
[2023-01-20 03:59:32] PSSH: AAAARXBzc2gAAAAA7e+LqXnWSs6jyCfc1R0h7QAAACUIARIQz7XitzvvTzyHjyWrhqdFHyIPZGF6bi1saW5lYXItMDI2
[2023-01-20 03:59:32] Trying to find audio track for language <strong>NL</strong>...
[2023-01-20 03:59:32] Couldn't find audio track
[2023-01-20 03:59:32] Audio stream set to <strong>EN</strong>
[2023-01-20 03:59:32] Key already cached.
[2023-01-20 03:59:32] Downloading 3 audio segments...
[2023-01-20 03:59:32] Downloading 3 video segments...
[2023-01-20 03:59:32] Processing segment: 301353686668800
[2023-01-20 03:59:32] Combining segments...
[2023-01-20 03:59:32] Processing segment: 301353687014400
[2023-01-20 03:59:32] Combining segments...
[2023-01-20 03:59:32] Processing segment: 301353687360000
[2023-01-20 03:59:32] Combining segments...
[2023-01-20 03:59:32] Finished processing segments.
[2023-01-20 03:59:32] Skip sleep period.
[2023-01-20 03:59:32] Current number of segments downloaded: 31
[2023-01-20 03:59:32] Updating segment text list.
[2023-01-20 03:59:32] Clearing old segments.
[2023-01-20 03:59:32] Backup database to file.

[2023-01-20 03:59:35] Start loop handler.
[2023-01-20 03:59:35] Memory usage: 0.62 MB
[2023-01-20 03:59:35] DRM Processes: 14
[2023-01-20 03:59:35] Fetching segments...
[2023-01-20 03:59:35] PSSH: AAAARXBzc2gAAAAA7e+LqXnWSs6jyCfc1R0h7QAAACUIARIQz7XitzvvTzyHjyWrhqdFHyIPZGF6bi1saW5lYXItMDI2
[2023-01-20 03:59:35] Trying to find audio track for language <strong>NL</strong>...
[2023-01-20 03:59:35] Couldn't find audio track
[2023-01-20 03:59:35] Audio stream set to <strong>EN</strong>
[2023-01-20 03:59:35] Key already cached.
[2023-01-20 03:59:35] Downloading 1 audio segments...
[2023-01-20 03:59:35] Downloading 1 video segments...
[2023-01-20 03:59:35] Processing segment: 301353687705600
[2023-01-20 03:59:36] Combining segments...
[2023-01-20 03:59:36] Finished processing segments.
[2023-01-20 03:59:36] Skip sleep period.
[2023-01-20 03:59:36] Current number of segments downloaded: 32
[2023-01-20 03:59:36] Updating segment text list.
[2023-01-20 03:59:36] Clearing old segments.
[2023-01-20 03:59:36] Backup database to file.

[2023-01-20 03:59:39] Start loop handler.
[2023-01-20 03:59:39] Memory usage: 0.62 MB
[2023-01-20 03:59:39] DRM Processes: 14
[2023-01-20 03:59:39] Fetching segments...
[2023-01-20 03:59:39] PSSH: AAAARXBzc2gAAAAA7e+LqXnWSs6jyCfc1R0h7QAAACUIARIQz7XitzvvTzyHjyWrhqdFHyIPZGF6bi1saW5lYXItMDI2
[2023-01-20 03:59:39] Trying to find audio track for language <strong>NL</strong>...
[2023-01-20 03:59:39] Couldn't find audio track
[2023-01-20 03:59:39] Audio stream set to <strong>EN</strong>
[2023-01-20 03:59:39] Key already cached.
[2023-01-20 03:59:39] Downloading 2 audio segments...
[2023-01-20 03:59:39] Downloading 2 video segments...
[2023-01-20 03:59:39] Processing segment: 301353688051200
[2023-01-20 03:59:39] Combining segments...
[2023-01-20 03:59:39] Processing segment: 301353688396800
[2023-01-20 03:59:39] Combining segments...
[2023-01-20 03:59:39] Finished processing segments.
[2023-01-20 03:59:39] Skip sleep period.
[2023-01-20 03:59:39] Current number of segments downloaded: 34
[2023-01-20 03:59:39] Updating segment text list.
[2023-01-20 03:59:39] Clearing old segments.
[2023-01-20 03:59:39] Backup database to file.

[2023-01-20 03:59:42] Start loop handler.
[2023-01-20 03:59:42] Memory usage: 0.62 MB
[2023-01-20 03:59:42] DRM Processes: 14
[2023-01-20 03:59:42] Fetching segments...
[2023-01-20 03:59:42] PSSH: AAAARXBzc2gAAAAA7e+LqXnWSs6jyCfc1R0h7QAAACUIARIQz7XitzvvTzyHjyWrhqdFHyIPZGF6bi1saW5lYXItMDI2
[2023-01-20 03:59:42] Trying to find audio track for language <strong>NL</strong>...
[2023-01-20 03:59:42] Couldn't find audio track
[2023-01-20 03:59:42] Audio stream set to <strong>EN</strong>
[2023-01-20 03:59:42] Key already cached.
[2023-01-20 03:59:42] Downloading 2 audio segments...
[2023-01-20 03:59:42] Downloading 2 video segments...
[2023-01-20 03:59:42] Processing segment: 301353688742400
[2023-01-20 03:59:42] Combining segments...
[2023-01-20 03:59:42] Processing segment: 301353689088000
[2023-01-20 03:59:42] Combining segments...
[2023-01-20 03:59:42] Finished processing segments.
[2023-01-20 03:59:42] Skip sleep period.
[2023-01-20 03:59:42] Current number of segments downloaded: 36
[2023-01-20 03:59:42] Updating segment text list.
[2023-01-20 03:59:42] Clearing old segments.
[2023-01-20 03:59:42] Backup database to file.

[2023-01-20 03:59:45] Start loop handler.
[2023-01-20 03:59:45] Memory usage: 0.62 MB
[2023-01-20 03:59:45] DRM Processes: 14
[2023-01-20 03:59:45] Fetching segments...
[2023-01-20 03:59:45] PSSH: AAAARXBzc2gAAAAA7e+LqXnWSs6jyCfc1R0h7QAAACUIARIQz7XitzvvTzyHjyWrhqdFHyIPZGF6bi1saW5lYXItMDI2
[2023-01-20 03:59:45] Trying to find audio track for language <strong>NL</strong>...
[2023-01-20 03:59:45] Couldn't find audio track
[2023-01-20 03:59:45] Audio stream set to <strong>EN</strong>
[2023-01-20 03:59:45] Key already cached.
[2023-01-20 03:59:45] Downloading 1 audio segments...
[2023-01-20 03:59:45] Downloading 1 video segments...
[2023-01-20 03:59:45] Processing segment: 301353689433600
[2023-01-20 03:59:45] Combining segments...
[2023-01-20 03:59:45] Finished processing segments.
[2023-01-20 03:59:45] Skip sleep period.
[2023-01-20 03:59:45] Current number of segments downloaded: 37
[2023-01-20 03:59:45] Updating segment text list.
[2023-01-20 03:59:45] Clearing old segments.
[2023-01-20 03:59:45] Backup database to file.

[2023-01-20 03:59:48] Start loop handler.
[2023-01-20 03:59:48] Memory usage: 0.62 MB
[2023-01-20 03:59:48] DRM Processes: 14
[2023-01-20 03:59:48] Fetching segments...
[2023-01-20 03:59:48] PSSH: AAAARXBzc2gAAAAA7e+LqXnWSs6jyCfc1R0h7QAAACUIARIQz7XitzvvTzyHjyWrhqdFHyIPZGF6bi1saW5lYXItMDI2
[2023-01-20 03:59:48] Trying to find audio track for language <strong>NL</strong>...
[2023-01-20 03:59:48] Couldn't find audio track
[2023-01-20 03:59:48] Audio stream set to <strong>EN</strong>
[2023-01-20 03:59:48] Key already cached.
[2023-01-20 03:59:48] Downloading 2 audio segments...
[2023-01-20 03:59:48] Downloading 2 video segments...
[2023-01-20 03:59:48] Processing segment: 301353689779200
[2023-01-20 03:59:48] Combining segments...
[2023-01-20 03:59:48] Processing segment: 301353690124800
[2023-01-20 03:59:48] Combining segments...
[2023-01-20 03:59:49] Finished processing segments.
[2023-01-20 03:59:49] Skip sleep period.
[2023-01-20 03:59:49] Current number of segments downloaded: 39
[2023-01-20 03:59:49] Updating segment text list.
[2023-01-20 03:59:49] Clearing old segments.
[2023-01-20 03:59:49] Backup database to file.

[2023-01-20 03:59:52] Start loop handler.
[2023-01-20 03:59:52] Memory usage: 0.62 MB
[2023-01-20 03:59:52] DRM Processes: 14
[2023-01-20 03:59:52] Fetching segments...
[2023-01-20 03:59:52] PSSH: AAAARXBzc2gAAAAA7e+LqXnWSs6jyCfc1R0h7QAAACUIARIQz7XitzvvTzyHjyWrhqdFHyIPZGF6bi1saW5lYXItMDI2
[2023-01-20 03:59:52] Trying to find audio track for language <strong>NL</strong>...
[2023-01-20 03:59:52] Couldn't find audio track
[2023-01-20 03:59:52] Audio stream set to <strong>EN</strong>
[2023-01-20 03:59:52] Key already cached.
[2023-01-20 03:59:52] Downloading 2 audio segments...
[2023-01-20 03:59:52] Downloading 2 video segments...
[2023-01-20 03:59:52] Processing segment: 301353690470400
[2023-01-20 03:59:52] Combining segments...
[2023-01-20 03:59:52] Processing segment: 301353690816000
[2023-01-20 03:59:52] Combining segments...
[2023-01-20 03:59:52] Finished processing segments.
[2023-01-20 03:59:52] Skip sleep period.
[2023-01-20 03:59:52] Current number of segments downloaded: 41
[2023-01-20 03:59:52] Updating segment text list.
[2023-01-20 03:59:52] Clearing old segments.
[2023-01-20 03:59:52] Backup database to file.

[2023-01-20 03:59:55] Start loop handler.
[2023-01-20 03:59:55] Memory usage: 0.62 MB
[2023-01-20 03:59:55] DRM Processes: 14
[2023-01-20 03:59:55] Fetching segments...
[2023-01-20 03:59:55] PSSH: AAAARXBzc2gAAAAA7e+LqXnWSs6jyCfc1R0h7QAAACUIARIQz7XitzvvTzyHjyWrhqdFHyIPZGF6bi1saW5lYXItMDI2
[2023-01-20 03:59:55] Trying to find audio track for language <strong>NL</strong>...
[2023-01-20 03:59:55] Couldn't find audio track
[2023-01-20 03:59:55] Audio stream set to <strong>EN</strong>
[2023-01-20 03:59:55] Key already cached.
[2023-01-20 03:59:55] Downloading 2 audio segments...
[2023-01-20 03:59:55] Downloading 2 video segments...
[2023-01-20 03:59:55] Processing segment: 301353691161600
[2023-01-20 03:59:55] Combining segments...
[2023-01-20 03:59:55] Processing segment: 301353691507200
[2023-01-20 03:59:55] Combining segments...
[2023-01-20 03:59:55] Finished processing segments.
[2023-01-20 03:59:55] Skip sleep period.
[2023-01-20 03:59:55] Current number of segments downloaded: 43
[2023-01-20 03:59:55] Updating segment text list.
[2023-01-20 03:59:55] Clearing old segments.
[2023-01-20 03:59:55] Backup database to file.

[2023-01-20 03:59:58] Start loop handler.
[2023-01-20 03:59:58] Memory usage: 0.62 MB
[2023-01-20 03:59:58] DRM Processes: 14
[2023-01-20 03:59:58] Fetching segments...
[2023-01-20 03:59:58] PSSH: AAAARXBzc2gAAAAA7e+LqXnWSs6jyCfc1R0h7QAAACUIARIQz7XitzvvTzyHjyWrhqdFHyIPZGF6bi1saW5lYXItMDI2
[2023-01-20 03:59:58] Trying to find audio track for language <strong>NL</strong>...
[2023-01-20 03:59:58] Couldn't find audio track
[2023-01-20 03:59:58] Audio stream set to <strong>EN</strong>
[2023-01-20 03:59:58] Key already cached.
[2023-01-20 03:59:58] Downloading 1 audio segments...
[2023-01-20 03:59:58] Downloading 1 video segments...
[2023-01-20 03:59:58] Processing segment: 301353691852800
[2023-01-20 03:59:58] Combining segments...
[2023-01-20 03:59:58] Finished processing segments.
[2023-01-20 03:59:58] Skip sleep period.
[2023-01-20 03:59:58] Current number of segments downloaded: 44
[2023-01-20 03:59:58] Updating segment text list.
[2023-01-20 03:59:58] Clearing old segments.
[2023-01-20 03:59:58] Backup database to file.

[2023-01-20 04:00:01] Start loop handler.
[2023-01-20 04:00:01] Memory usage: 0.62 MB
[2023-01-20 04:00:01] DRM Processes: 14
[2023-01-20 04:00:01] Fetching segments...
[2023-01-20 04:00:01] PSSH: AAAARXBzc2gAAAAA7e+LqXnWSs6jyCfc1R0h7QAAACUIARIQz7XitzvvTzyHjyWrhqdFHyIPZGF6bi1saW5lYXItMDI2
[2023-01-20 04:00:01] Trying to find audio track for language <strong>NL</strong>...
[2023-01-20 04:00:01] Couldn't find audio track
[2023-01-20 04:00:01] Audio stream set to <strong>EN</strong>
[2023-01-20 04:00:01] Key already cached.
[2023-01-20 04:00:01] Downloading 2 audio segments...
[2023-01-20 04:00:01] Downloading 2 video segments...
[2023-01-20 04:00:01] Processing segment: 301353692198400
[2023-01-20 04:00:01] Combining segments...
[2023-01-20 04:00:02] Processing segment: 301353692544000
[2023-01-20 04:00:02] Combining segments...
[2023-01-20 04:00:02] Finished processing segments.
[2023-01-20 04:00:02] Skip sleep period.
[2023-01-20 04:00:02] Current number of segments downloaded: 46
[2023-01-20 04:00:02] Updating segment text list.
[2023-01-20 04:00:02] Clearing old segments.
[2023-01-20 04:00:02] Backup database to file.

[2023-01-20 04:00:05] Start loop handler.
[2023-01-20 04:00:05] Memory usage: 0.62 MB
[2023-01-20 04:00:05] DRM Processes: 14
[2023-01-20 04:00:05] Fetching segments...
[2023-01-20 04:00:05] PSSH: AAAARXBzc2gAAAAA7e+LqXnWSs6jyCfc1R0h7QAAACUIARIQz7XitzvvTzyHjyWrhqdFHyIPZGF6bi1saW5lYXItMDI2
[2023-01-20 04:00:05] Trying to find audio track for language <strong>NL</strong>...
[2023-01-20 04:00:05] Couldn't find audio track
[2023-01-20 04:00:05] Audio stream set to <strong>EN</strong>
[2023-01-20 04:00:05] Key already cached.
[2023-01-20 04:00:05] Downloading 2 audio segments...
[2023-01-20 04:00:05] Downloading 2 video segments...
[2023-01-20 04:00:05] Processing segment: 301353692889600
[2023-01-20 04:00:05] Combining segments...
[2023-01-20 04:00:05] Processing segment: 301353693235200
[2023-01-20 04:00:05] Combining segments...
[2023-01-20 04:00:05] Finished processing segments.
[2023-01-20 04:00:05] Skip sleep period.
[2023-01-20 04:00:05] Current number of segments downloaded: 48
[2023-01-20 04:00:05] Updating segment text list.
[2023-01-20 04:00:05] Clearing old segments.
[2023-01-20 04:00:05] Backup database to file.

[2023-01-20 04:00:08] Start loop handler.
[2023-01-20 04:00:08] Memory usage: 0.62 MB
[2023-01-20 04:00:08] DRM Processes: 14
[2023-01-20 04:00:08] Fetching segments...
[2023-01-20 04:00:08] PSSH: AAAARXBzc2gAAAAA7e+LqXnWSs6jyCfc1R0h7QAAACUIARIQz7XitzvvTzyHjyWrhqdFHyIPZGF6bi1saW5lYXItMDI2
[2023-01-20 04:00:08] Trying to find audio track for language <strong>NL</strong>...
[2023-01-20 04:00:08] Couldn't find audio track
[2023-01-20 04:00:08] Audio stream set to <strong>EN</strong>
[2023-01-20 04:00:08] Key already cached.
[2023-01-20 04:00:08] Downloading 1 audio segments...
[2023-01-20 04:00:08] Downloading 1 video segments...
[2023-01-20 04:00:08] Processing segment: 301353693580800
[2023-01-20 04:00:08] Combining segments...
[2023-01-20 04:00:08] Finished processing segments.
[2023-01-20 04:00:08] Skip sleep period.
[2023-01-20 04:00:08] Current number of segments downloaded: 49
[2023-01-20 04:00:08] Updating segment text list.
[2023-01-20 04:00:08] Clearing old segments.
[2023-01-20 04:00:08] Backup database to file.

[2023-01-20 04:00:11] Start loop handler.
[2023-01-20 04:00:11] Memory usage: 0.62 MB
[2023-01-20 04:00:11] DRM Processes: 14
[2023-01-20 04:00:11] Fetching segments...
[2023-01-20 04:00:11] PSSH: AAAARXBzc2gAAAAA7e+LqXnWSs6jyCfc1R0h7QAAACUIARIQz7XitzvvTzyHjyWrhqdFHyIPZGF6bi1saW5lYXItMDI2
[2023-01-20 04:00:11] Trying to find audio track for language <strong>NL</strong>...
[2023-01-20 04:00:11] Couldn't find audio track
[2023-01-20 04:00:11] Audio stream set to <strong>EN</strong>
[2023-01-20 04:00:11] Key already cached.
[2023-01-20 04:00:11] Downloading 2 audio segments...
[2023-01-20 04:00:11] Downloading 2 video segments...
[2023-01-20 04:00:11] Processing segment: 301353693926400
[2023-01-20 04:00:11] Combining segments...
[2023-01-20 04:00:11] Processing segment: 301353694272000
[2023-01-20 04:00:11] Combining segments...
[2023-01-20 04:00:11] Finished processing segments.
[2023-01-20 04:00:11] Skip sleep period.
[2023-01-20 04:00:11] Current number of segments downloaded: 51
[2023-01-20 04:00:11] Updating segment text list.
[2023-01-20 04:00:11] Clearing old segments.
[2023-01-20 04:00:11] Backup database to file.

[2023-01-20 04:00:14] Start loop handler.
[2023-01-20 04:00:14] Memory usage: 0.62 MB
[2023-01-20 04:00:14] DRM Processes: 14
[2023-01-20 04:00:14] Fetching segments...
[2023-01-20 04:00:14] PSSH: AAAARXBzc2gAAAAA7e+LqXnWSs6jyCfc1R0h7QAAACUIARIQz7XitzvvTzyHjyWrhqdFHyIPZGF6bi1saW5lYXItMDI2
[2023-01-20 04:00:14] Trying to find audio track for language <strong>NL</strong>...
[2023-01-20 04:00:14] Couldn't find audio track
[2023-01-20 04:00:14] Audio stream set to <strong>EN</strong>
[2023-01-20 04:00:14] Key already cached.
[2023-01-20 04:00:14] Downloading 1 audio segments...
[2023-01-20 04:00:14] Downloading 1 video segments...
[2023-01-20 04:00:14] Processing segment: 301353694617600
[2023-01-20 04:00:14] Combining segments...
[2023-01-20 04:00:15] Finished processing segments.
[2023-01-20 04:00:15] Skip sleep period.
[2023-01-20 04:00:15] Current number of segments downloaded: 52
[2023-01-20 04:00:15] Updating segment text list.
[2023-01-20 04:00:15] Clearing old segments.
[2023-01-20 04:00:15] Backup database to file.

[2023-01-20 04:00:18] Start loop handler.
[2023-01-20 04:00:18] Memory usage: 0.62 MB
[2023-01-20 04:00:18] DRM Processes: 14
[2023-01-20 04:00:18] Fetching segments...
[2023-01-20 04:00:18] PSSH: AAAARXBzc2gAAAAA7e+LqXnWSs6jyCfc1R0h7QAAACUIARIQz7XitzvvTzyHjyWrhqdFHyIPZGF6bi1saW5lYXItMDI2
[2023-01-20 04:00:18] Trying to find audio track for language <strong>NL</strong>...
[2023-01-20 04:00:18] Couldn't find audio track
[2023-01-20 04:00:18] Audio stream set to <strong>EN</strong>
[2023-01-20 04:00:18] Key already cached.
[2023-01-20 04:00:18] Downloading 3 audio segments...
[2023-01-20 04:00:18] Downloading 3 video segments...
[2023-01-20 04:00:18] Processing segment: 301353694963200
[2023-01-20 04:00:18] Combining segments...
[2023-01-20 04:00:18] Processing segment: 301353695308800
[2023-01-20 04:00:18] Combining segments...
[2023-01-20 04:00:18] Processing segment: 301353695654400
[2023-01-20 04:00:18] Combining segments...
[2023-01-20 04:00:18] Finished processing segments.
[2023-01-20 04:00:18] Skip sleep period.
[2023-01-20 04:00:18] Current number of segments downloaded: 55
[2023-01-20 04:00:18] Updating segment text list.
[2023-01-20 04:00:18] Clearing old segments.
[2023-01-20 04:00:18] Backup database to file.

[2023-01-20 04:00:21] Start loop handler.
[2023-01-20 04:00:21] Memory usage: 0.62 MB
[2023-01-20 04:00:21] DRM Processes: 14
[2023-01-20 04:00:21] Fetching segments...
[2023-01-20 04:00:21] PSSH: AAAARXBzc2gAAAAA7e+LqXnWSs6jyCfc1R0h7QAAACUIARIQz7XitzvvTzyHjyWrhqdFHyIPZGF6bi1saW5lYXItMDI2
[2023-01-20 04:00:21] Trying to find audio track for language <strong>NL</strong>...
[2023-01-20 04:00:21] Couldn't find audio track
[2023-01-20 04:00:21] Audio stream set to <strong>EN</strong>
[2023-01-20 04:00:21] Key already cached.
[2023-01-20 04:00:21] Downloading 1 audio segments...
[2023-01-20 04:00:21] Downloading 1 video segments...
[2023-01-20 04:00:21] Processing segment: 301353696000000
[2023-01-20 04:00:21] Combining segments...
[2023-01-20 04:00:21] Finished processing segments.
[2023-01-20 04:00:21] Skip sleep period.
[2023-01-20 04:00:21] Current number of segments downloaded: 56
[2023-01-20 04:00:21] Updating segment text list.
[2023-01-20 04:00:21] Clearing old segments.
[2023-01-20 04:00:21] Backup database to file.

[2023-01-20 04:00:24] Start loop handler.
[2023-01-20 04:00:24] Memory usage: 0.62 MB
[2023-01-20 04:00:24] DRM Processes: 14
[2023-01-20 04:00:24] Fetching segments...
[2023-01-20 04:00:24] PSSH: AAAARXBzc2gAAAAA7e+LqXnWSs6jyCfc1R0h7QAAACUIARIQz7XitzvvTzyHjyWrhqdFHyIPZGF6bi1saW5lYXItMDI2
[2023-01-20 04:00:24] Trying to find audio track for language <strong>NL</strong>...
[2023-01-20 04:00:24] Couldn't find audio track
[2023-01-20 04:00:24] Audio stream set to <strong>EN</strong>
[2023-01-20 04:00:24] Key already cached.
[2023-01-20 04:00:24] Downloading 2 audio segments...
[2023-01-20 04:00:24] Downloading 2 video segments...
[2023-01-20 04:00:24] Processing segment: 301353696345600
[2023-01-20 04:00:24] Combining segments...
[2023-01-20 04:00:24] Processing segment: 301353696691200
[2023-01-20 04:00:24] Combining segments...
[2023-01-20 04:00:24] Finished processing segments.
[2023-01-20 04:00:24] Skip sleep period.
[2023-01-20 04:00:24] Current number of segments downloaded: 58
[2023-01-20 04:00:24] Updating segment text list.
[2023-01-20 04:00:24] Clearing old segments.
[2023-01-20 04:00:24] Backup database to file.

[2023-01-20 04:00:27] Start loop handler.
[2023-01-20 04:00:27] Memory usage: 0.62 MB
[2023-01-20 04:00:27] DRM Processes: 16
[2023-01-20 04:00:27] Fetching segments...
[2023-01-20 04:00:27] PSSH: AAAARXBzc2gAAAAA7e+LqXnWSs6jyCfc1R0h7QAAACUIARIQz7XitzvvTzyHjyWrhqdFHyIPZGF6bi1saW5lYXItMDI2
[2023-01-20 04:00:27] Trying to find audio track for language <strong>NL</strong>...
[2023-01-20 04:00:27] Couldn't find audio track
[2023-01-20 04:00:27] Audio stream set to <strong>EN</strong>
[2023-01-20 04:00:27] Key already cached.
[2023-01-20 04:00:27] Downloading 1 audio segments...
[2023-01-20 04:00:27] Downloading 1 video segments...
[2023-01-20 04:00:27] Processing segment: 301353697036800
[2023-01-20 04:00:27] Combining segments...
[2023-01-20 04:00:27] Finished processing segments.
[2023-01-20 04:00:27] Skip sleep period.
[2023-01-20 04:00:27] Current number of segments downloaded: 59
[2023-01-20 04:00:27] Updating segment text list.
[2023-01-20 04:00:27] Clearing old segments.
[2023-01-20 04:00:27] Backup database to file.

[2023-01-20 04:00:30] Start loop handler.
[2023-01-20 04:00:30] Memory usage: 0.62 MB
[2023-01-20 04:00:30] DRM Processes: 15
[2023-01-20 04:00:30] Fetching segments...
[2023-01-20 04:00:30] PSSH: AAAARXBzc2gAAAAA7e+LqXnWSs6jyCfc1R0h7QAAACUIARIQz7XitzvvTzyHjyWrhqdFHyIPZGF6bi1saW5lYXItMDI2
[2023-01-20 04:00:30] Trying to find audio track for language <strong>NL</strong>...
[2023-01-20 04:00:30] Couldn't find audio track
[2023-01-20 04:00:30] Audio stream set to <strong>EN</strong>
[2023-01-20 04:00:30] Key already cached.
[2023-01-20 04:00:30] Downloading 2 audio segments...
[2023-01-20 04:00:31] Downloading 2 video segments...
[2023-01-20 04:00:31] Processing segment: 301353697382400
[2023-01-20 04:00:31] Combining segments...
[2023-01-20 04:00:31] Processing segment: 301353697728000
[2023-01-20 04:00:31] Combining segments...
[2023-01-20 04:00:31] Finished processing segments.
[2023-01-20 04:00:31] Skip sleep period.
[2023-01-20 04:00:31] Current number of segments downloaded: 61
[2023-01-20 04:00:31] Updating segment text list.
[2023-01-20 04:00:31] Clearing old segments.
[2023-01-20 04:00:31] Backup database to file.

[2023-01-20 04:00:34] Start loop handler.
[2023-01-20 04:00:34] Memory usage: 0.62 MB
[2023-01-20 04:00:34] DRM Processes: 14
[2023-01-20 04:00:34] Fetching segments...
[2023-01-20 04:00:34] PSSH: AAAARXBzc2gAAAAA7e+LqXnWSs6jyCfc1R0h7QAAACUIARIQz7XitzvvTzyHjyWrhqdFHyIPZGF6bi1saW5lYXItMDI2
[2023-01-20 04:00:34] Trying to find audio track for language <strong>NL</strong>...
[2023-01-20 04:00:34] Couldn't find audio track
[2023-01-20 04:00:34] Audio stream set to <strong>EN</strong>
[2023-01-20 04:00:34] Key already cached.
[2023-01-20 04:00:34] Downloading 2 audio segments...
[2023-01-20 04:00:34] Downloading 2 video segments...
[2023-01-20 04:00:34] Processing segment: 301353698073600
[2023-01-20 04:00:34] Combining segments...
[2023-01-20 04:00:34] Processing segment: 301353698419200
[2023-01-20 04:00:34] Combining segments...
[2023-01-20 04:00:34] Finished processing segments.
[2023-01-20 04:00:34] Skip sleep period.
[2023-01-20 04:00:34] Current number of segments downloaded: 63
[2023-01-20 04:00:34] Updating segment text list.
[2023-01-20 04:00:34] Clearing old segments.
[2023-01-20 04:00:34] Backup database to file.

[2023-01-20 04:00:37] Start loop handler.
[2023-01-20 04:00:37] Memory usage: 0.62 MB
[2023-01-20 04:00:37] DRM Processes: 14
[2023-01-20 04:00:37] Fetching segments...
[2023-01-20 04:00:37] PSSH: AAAARXBzc2gAAAAA7e+LqXnWSs6jyCfc1R0h7QAAACUIARIQz7XitzvvTzyHjyWrhqdFHyIPZGF6bi1saW5lYXItMDI2
[2023-01-20 04:00:37] Trying to find audio track for language <strong>NL</strong>...
[2023-01-20 04:00:37] Couldn't find audio track
[2023-01-20 04:00:37] Audio stream set to <strong>EN</strong>
[2023-01-20 04:00:37] Key already cached.
[2023-01-20 04:00:37] Downloading 1 audio segments...
[2023-01-20 04:00:37] Downloading 1 video segments...
[2023-01-20 04:00:37] Processing segment: 301353698764800
[2023-01-20 04:00:37] Combining segments...
[2023-01-20 04:00:37] Finished processing segments.
[2023-01-20 04:00:37] Skip sleep period.
[2023-01-20 04:00:37] Current number of segments downloaded: 64
[2023-01-20 04:00:37] Updating segment text list.
[2023-01-20 04:00:37] Clearing old segments.
[2023-01-20 04:00:37] Backup database to file.

[2023-01-20 04:00:40] Start loop handler.
[2023-01-20 04:00:40] Memory usage: 0.62 MB
[2023-01-20 04:00:40] DRM Processes: 14
[2023-01-20 04:00:40] Fetching segments...
[2023-01-20 04:00:40] PSSH: AAAARXBzc2gAAAAA7e+LqXnWSs6jyCfc1R0h7QAAACUIARIQz7XitzvvTzyHjyWrhqdFHyIPZGF6bi1saW5lYXItMDI2
[2023-01-20 04:00:40] Trying to find audio track for language <strong>NL</strong>...
[2023-01-20 04:00:40] Couldn't find audio track
[2023-01-20 04:00:40] Audio stream set to <strong>EN</strong>
[2023-01-20 04:00:40] Key already cached.
[2023-01-20 04:00:40] Downloading 2 audio segments...
[2023-01-20 04:00:40] Downloading 2 video segments...
[2023-01-20 04:00:40] Processing segment: 301353699110400
[2023-01-20 04:00:40] Combining segments...
[2023-01-20 04:00:40] Processing segment: 301353699456000
[2023-01-20 04:00:40] Combining segments...
[2023-01-20 04:00:40] Finished processing segments.
[2023-01-20 04:00:40] Skip sleep period.
[2023-01-20 04:00:40] Current number of segments downloaded: 66
[2023-01-20 04:00:40] Updating segment text list.
[2023-01-20 04:00:40] Clearing old segments.
[2023-01-20 04:00:40] Backup database to file.

[2023-01-20 04:00:43] Start loop handler.
[2023-01-20 04:00:43] Memory usage: 0.62 MB
[2023-01-20 04:00:43] DRM Processes: 14
[2023-01-20 04:00:43] Fetching segments...
[2023-01-20 04:00:43] PSSH: AAAARXBzc2gAAAAA7e+LqXnWSs6jyCfc1R0h7QAAACUIARIQz7XitzvvTzyHjyWrhqdFHyIPZGF6bi1saW5lYXItMDI2
[2023-01-20 04:00:43] Trying to find audio track for language <strong>NL</strong>...
[2023-01-20 04:00:43] Couldn't find audio track
[2023-01-20 04:00:43] Audio stream set to <strong>EN</strong>
[2023-01-20 04:00:43] Key already cached.
[2023-01-20 04:00:43] Downloading 1 audio segments...
[2023-01-20 04:00:43] Downloading 1 video segments...
[2023-01-20 04:00:44] Processing segment: 301353699801600
[2023-01-20 04:00:44] Combining segments...
[2023-01-20 04:00:44] Finished processing segments.
[2023-01-20 04:00:44] Skip sleep period.
[2023-01-20 04:00:44] Current number of segments downloaded: 67
[2023-01-20 04:00:44] Updating segment text list.
[2023-01-20 04:00:44] Clearing old segments.
[2023-01-20 04:00:44] Backup database to file.

[2023-01-20 04:00:47] Start loop handler.
[2023-01-20 04:00:47] Memory usage: 0.62 MB
[2023-01-20 04:00:47] DRM Processes: 14
[2023-01-20 04:00:47] Fetching segments...
[2023-01-20 04:00:47] PSSH: AAAARXBzc2gAAAAA7e+LqXnWSs6jyCfc1R0h7QAAACUIARIQz7XitzvvTzyHjyWrhqdFHyIPZGF6bi1saW5lYXItMDI2
[2023-01-20 04:00:47] Trying to find audio track for language <strong>NL</strong>...
[2023-01-20 04:00:47] Couldn't find audio track
[2023-01-20 04:00:47] Audio stream set to <strong>EN</strong>
[2023-01-20 04:00:47] Key already cached.
[2023-01-20 04:00:47] Downloading 2 audio segments...
[2023-01-20 04:00:47] Downloading 2 video segments...
[2023-01-20 04:00:47] Processing segment: 301353700147200
[2023-01-20 04:00:47] Combining segments...
[2023-01-20 04:00:47] Processing segment: 301353700492800
[2023-01-20 04:00:47] Combining segments...
[2023-01-20 04:00:47] Finished processing segments.
[2023-01-20 04:00:47] Skip sleep period.
[2023-01-20 04:00:47] Current number of segments downloaded: 69
[2023-01-20 04:00:47] Updating segment text list.
[2023-01-20 04:00:47] Clearing old segments.
[2023-01-20 04:00:47] Backup database to file.

[2023-01-20 04:00:50] Start loop handler.
[2023-01-20 04:00:50] Memory usage: 0.62 MB
[2023-01-20 04:00:50] DRM Processes: 14
[2023-01-20 04:00:50] Fetching segments...
[2023-01-20 04:00:50] PSSH: AAAARXBzc2gAAAAA7e+LqXnWSs6jyCfc1R0h7QAAACUIARIQz7XitzvvTzyHjyWrhqdFHyIPZGF6bi1saW5lYXItMDI2
[2023-01-20 04:00:50] Trying to find audio track for language <strong>NL</strong>...
[2023-01-20 04:00:50] Couldn't find audio track
[2023-01-20 04:00:50] Audio stream set to <strong>EN</strong>
[2023-01-20 04:00:50] Key already cached.
[2023-01-20 04:00:50] Downloading 2 audio segments...
[2023-01-20 04:00:50] Downloading 2 video segments...
[2023-01-20 04:00:50] Processing segment: 301353700838400
[2023-01-20 04:00:50] Combining segments...
[2023-01-20 04:00:50] Processing segment: 301353701184000
[2023-01-20 04:00:50] Combining segments...
[2023-01-20 04:00:50] Finished processing segments.
[2023-01-20 04:00:50] Skip sleep period.
[2023-01-20 04:00:50] Current number of segments downloaded: 71
[2023-01-20 04:00:50] Updating segment text list.
[2023-01-20 04:00:50] Clearing old segments.
[2023-01-20 04:00:50] Backup database to file.

[2023-01-20 04:00:53] Start loop handler.
[2023-01-20 04:00:53] Memory usage: 0.62 MB
[2023-01-20 04:00:53] DRM Processes: 14
[2023-01-20 04:00:53] Fetching segments...
[2023-01-20 04:00:53] PSSH: AAAARXBzc2gAAAAA7e+LqXnWSs6jyCfc1R0h7QAAACUIARIQz7XitzvvTzyHjyWrhqdFHyIPZGF6bi1saW5lYXItMDI2
[2023-01-20 04:00:53] Trying to find audio track for language <strong>NL</strong>...
[2023-01-20 04:00:53] Couldn't find audio track
[2023-01-20 04:00:53] Audio stream set to <strong>EN</strong>
[2023-01-20 04:00:53] Key already cached.
[2023-01-20 04:00:53] Downloading 1 audio segments...
[2023-01-20 04:00:53] Downloading 1 video segments...
[2023-01-20 04:00:53] Processing segment: 301353701529600
[2023-01-20 04:00:53] Combining segments...
[2023-01-20 04:00:53] Finished processing segments.
[2023-01-20 04:00:53] Skip sleep period.
[2023-01-20 04:00:53] Current number of segments downloaded: 72
[2023-01-20 04:00:53] Updating segment text list.
[2023-01-20 04:00:53] Clearing old segments.
[2023-01-20 04:00:53] Backup database to file.

[2023-01-20 04:00:56] Start loop handler.
[2023-01-20 04:00:56] Memory usage: 0.62 MB
[2023-01-20 04:00:56] DRM Processes: 16
[2023-01-20 04:00:56] Fetching segments...
[2023-01-20 04:00:56] PSSH: AAAARXBzc2gAAAAA7e+LqXnWSs6jyCfc1R0h7QAAACUIARIQz7XitzvvTzyHjyWrhqdFHyIPZGF6bi1saW5lYXItMDI2
[2023-01-20 04:00:56] Trying to find audio track for language <strong>NL</strong>...
[2023-01-20 04:00:56] Couldn't find audio track
[2023-01-20 04:00:56] Audio stream set to <strong>EN</strong>
[2023-01-20 04:00:56] Key already cached.
[2023-01-20 04:00:56] Downloading 2 audio segments...
[2023-01-20 04:00:56] Downloading 2 video segments...
[2023-01-20 04:00:56] Processing segment: 301353701875200
[2023-01-20 04:00:57] Combining segments...
[2023-01-20 04:00:57] Processing segment: 301353702220800
[2023-01-20 04:00:57] Combining segments...
[2023-01-20 04:00:57] Finished processing segments.
[2023-01-20 04:00:57] Skip sleep period.
[2023-01-20 04:00:57] Current number of segments downloaded: 74
[2023-01-20 04:00:57] Updating segment text list.
[2023-01-20 04:00:57] Clearing old segments.
[2023-01-20 04:00:57] Backup database to file.

[2023-01-20 04:01:00] Start loop handler.
[2023-01-20 04:01:00] Memory usage: 0.62 MB
[2023-01-20 04:01:00] DRM Processes: 14
[2023-01-20 04:01:00] Fetching segments...
[2023-01-20 04:01:00] PSSH: AAAARXBzc2gAAAAA7e+LqXnWSs6jyCfc1R0h7QAAACUIARIQz7XitzvvTzyHjyWrhqdFHyIPZGF6bi1saW5lYXItMDI2
[2023-01-20 04:01:00] Trying to find audio track for language <strong>NL</strong>...
[2023-01-20 04:01:00] Couldn't find audio track
[2023-01-20 04:01:00] Audio stream set to <strong>EN</strong>
[2023-01-20 04:01:00] Key already cached.
[2023-01-20 04:01:00] Downloading 2 audio segments...
[2023-01-20 04:01:00] Downloading 2 video segments...
[2023-01-20 04:01:00] Processing segment: 301353702566400
[2023-01-20 04:01:00] Combining segments...
[2023-01-20 04:01:00] Processing segment: 301353702912000
[2023-01-20 04:01:00] Combining segments...
[2023-01-20 04:01:00] Finished processing segments.
[2023-01-20 04:01:00] Skip sleep period.
[2023-01-20 04:01:00] Current number of segments downloaded: 76
[2023-01-20 04:01:00] Updating segment text list.
[2023-01-20 04:01:00] Clearing old segments.
[2023-01-20 04:01:00] Backup database to file.

[2023-01-20 04:01:03] Start loop handler.
[2023-01-20 04:01:03] Memory usage: 0.62 MB
[2023-01-20 04:01:03] DRM Processes: 14
[2023-01-20 04:01:03] Fetching segments...
[2023-01-20 04:01:03] PSSH: AAAARXBzc2gAAAAA7e+LqXnWSs6jyCfc1R0h7QAAACUIARIQz7XitzvvTzyHjyWrhqdFHyIPZGF6bi1saW5lYXItMDI2
[2023-01-20 04:01:03] Trying to find audio track for language <strong>NL</strong>...
[2023-01-20 04:01:03] Couldn't find audio track
[2023-01-20 04:01:03] Audio stream set to <strong>EN</strong>
[2023-01-20 04:01:03] Key already cached.
[2023-01-20 04:01:03] Downloading 2 audio segments...
[2023-01-20 04:01:03] Downloading 2 video segments...
[2023-01-20 04:01:03] Processing segment: 301353703257600
[2023-01-20 04:01:03] Combining segments...
[2023-01-20 04:01:03] Processing segment: 301353703603200
[2023-01-20 04:01:03] Combining segments...
[2023-01-20 04:01:03] Finished processing segments.
[2023-01-20 04:01:03] Skip sleep period.
[2023-01-20 04:01:03] Current number of segments downloaded: 78
[2023-01-20 04:01:03] Updating segment text list.
[2023-01-20 04:01:03] Clearing old segments.
[2023-01-20 04:01:03] Backup database to file.

[2023-01-20 04:01:06] Start loop handler.
[2023-01-20 04:01:06] Memory usage: 0.62 MB
[2023-01-20 04:01:06] DRM Processes: 14
[2023-01-20 04:01:06] Fetching segments...
[2023-01-20 04:01:06] PSSH: AAAARXBzc2gAAAAA7e+LqXnWSs6jyCfc1R0h7QAAACUIARIQz7XitzvvTzyHjyWrhqdFHyIPZGF6bi1saW5lYXItMDI2
[2023-01-20 04:01:06] Trying to find audio track for language <strong>NL</strong>...
[2023-01-20 04:01:06] Couldn't find audio track
[2023-01-20 04:01:06] Audio stream set to <strong>EN</strong>
[2023-01-20 04:01:06] Key already cached.
[2023-01-20 04:01:06] Downloading 1 audio segments...
[2023-01-20 04:01:06] Downloading 1 video segments...
[2023-01-20 04:01:06] Processing segment: 301353703948800
[2023-01-20 04:01:06] Combining segments...
[2023-01-20 04:01:06] Finished processing segments.
[2023-01-20 04:01:06] Skip sleep period.
[2023-01-20 04:01:06] Current number of segments downloaded: 79
[2023-01-20 04:01:06] Updating segment text list.
[2023-01-20 04:01:06] Clearing old segments.
[2023-01-20 04:01:06] Backup database to file.

[2023-01-20 04:01:09] Start loop handler.
[2023-01-20 04:01:09] Memory usage: 0.62 MB
[2023-01-20 04:01:09] DRM Processes: 14
[2023-01-20 04:01:09] Fetching segments...
[2023-01-20 04:01:09] PSSH: AAAARXBzc2gAAAAA7e+LqXnWSs6jyCfc1R0h7QAAACUIARIQz7XitzvvTzyHjyWrhqdFHyIPZGF6bi1saW5lYXItMDI2
[2023-01-20 04:01:09] Trying to find audio track for language <strong>NL</strong>...
[2023-01-20 04:01:09] Couldn't find audio track
[2023-01-20 04:01:09] Audio stream set to <strong>EN</strong>
[2023-01-20 04:01:09] Key already cached.
[2023-01-20 04:01:09] Downloading 2 audio segments...
[2023-01-20 04:01:09] Downloading 2 video segments...
[2023-01-20 04:01:10] Processing segment: 301353704294400
[2023-01-20 04:01:10] Combining segments...
[2023-01-20 04:01:10] Processing segment: 301353704640000
[2023-01-20 04:01:10] Combining segments...
[2023-01-20 04:01:10] Finished processing segments.
[2023-01-20 04:01:10] Skip sleep period.
[2023-01-20 04:01:10] Current number of segments downloaded: 81
[2023-01-20 04:01:10] Updating segment text list.
[2023-01-20 04:01:10] Clearing old segments.
[2023-01-20 04:01:10] Backup database to file.

[2023-01-20 04:01:13] Start loop handler.
[2023-01-20 04:01:13] Memory usage: 0.62 MB
[2023-01-20 04:01:13] DRM Processes: 14
[2023-01-20 04:01:13] Fetching segments...
[2023-01-20 04:01:13] PSSH: AAAARXBzc2gAAAAA7e+LqXnWSs6jyCfc1R0h7QAAACUIARIQz7XitzvvTzyHjyWrhqdFHyIPZGF6bi1saW5lYXItMDI2
[2023-01-20 04:01:13] Trying to find audio track for language <strong>NL</strong>...
[2023-01-20 04:01:13] Couldn't find audio track
[2023-01-20 04:01:13] Audio stream set to <strong>EN</strong>
[2023-01-20 04:01:13] Key already cached.
[2023-01-20 04:01:13] Downloading 2 audio segments...
[2023-01-20 04:01:13] Downloading 2 video segments...
[2023-01-20 04:01:13] Processing segment: 301353704985600
[2023-01-20 04:01:13] Combining segments...
[2023-01-20 04:01:13] Processing segment: 301353705331200
[2023-01-20 04:01:13] Combining segments...
[2023-01-20 04:01:13] Finished processing segments.
[2023-01-20 04:01:13] Skip sleep period.
[2023-01-20 04:01:13] Current number of segments downloaded: 83
[2023-01-20 04:01:13] Updating segment text list.
[2023-01-20 04:01:13] Clearing old segments.
[2023-01-20 04:01:13] Backup database to file.

[2023-01-20 04:01:16] Start loop handler.
[2023-01-20 04:01:16] Memory usage: 0.62 MB
[2023-01-20 04:01:16] DRM Processes: 14
[2023-01-20 04:01:16] Fetching segments...
[2023-01-20 04:01:16] PSSH: AAAARXBzc2gAAAAA7e+LqXnWSs6jyCfc1R0h7QAAACUIARIQz7XitzvvTzyHjyWrhqdFHyIPZGF6bi1saW5lYXItMDI2
[2023-01-20 04:01:16] Trying to find audio track for language <strong>NL</strong>...
[2023-01-20 04:01:16] Couldn't find audio track
[2023-01-20 04:01:16] Audio stream set to <strong>EN</strong>
[2023-01-20 04:01:16] Key already cached.
[2023-01-20 04:01:16] Downloading 1 audio segments...
[2023-01-20 04:01:16] Downloading 1 video segments...
[2023-01-20 04:01:16] Processing segment: 301353705676800
[2023-01-20 04:01:16] Combining segments...
[2023-01-20 04:01:16] Finished processing segments.
[2023-01-20 04:01:16] Skip sleep period.
[2023-01-20 04:01:16] Current number of segments downloaded: 84
[2023-01-20 04:01:16] Updating segment text list.
[2023-01-20 04:01:16] Clearing old segments.
[2023-01-20 04:01:16] Backup database to file.

[2023-01-20 04:01:19] Start loop handler.
[2023-01-20 04:01:19] Memory usage: 0.62 MB
[2023-01-20 04:01:19] DRM Processes: 14
[2023-01-20 04:01:19] Fetching segments...
[2023-01-20 04:01:19] PSSH: AAAARXBzc2gAAAAA7e+LqXnWSs6jyCfc1R0h7QAAACUIARIQz7XitzvvTzyHjyWrhqdFHyIPZGF6bi1saW5lYXItMDI2
[2023-01-20 04:01:19] Trying to find audio track for language <strong>NL</strong>...
[2023-01-20 04:01:19] Couldn't find audio track
[2023-01-20 04:01:19] Audio stream set to <strong>EN</strong>
[2023-01-20 04:01:19] Key already cached.
[2023-01-20 04:01:19] Downloading 3 audio segments...
[2023-01-20 04:01:19] Downloading 3 video segments...
[2023-01-20 04:01:19] Processing segment: 301353706022400
[2023-01-20 04:01:19] Combining segments...
[2023-01-20 04:01:19] Processing segment: 301353706368000
[2023-01-20 04:01:19] Combining segments...
[2023-01-20 04:01:19] Processing segment: 301353706713600
[2023-01-20 04:01:19] Combining segments...
[2023-01-20 04:01:20] Finished processing segments.
[2023-01-20 04:01:20] Skip sleep period.
[2023-01-20 04:01:20] Current number of segments downloaded: 87
[2023-01-20 04:01:20] Updating segment text list.
[2023-01-20 04:01:20] Clearing old segments.
[2023-01-20 04:01:20] Backup database to file.

[2023-01-20 04:01:23] Start loop handler.
[2023-01-20 04:01:23] Memory usage: 0.62 MB
[2023-01-20 04:01:23] DRM Processes: 14
[2023-01-20 04:01:23] Fetching segments...
[2023-01-20 04:01:23] PSSH: AAAARXBzc2gAAAAA7e+LqXnWSs6jyCfc1R0h7QAAACUIARIQz7XitzvvTzyHjyWrhqdFHyIPZGF6bi1saW5lYXItMDI2
[2023-01-20 04:01:23] Trying to find audio track for language <strong>NL</strong>...
[2023-01-20 04:01:23] Couldn't find audio track
[2023-01-20 04:01:23] Audio stream set to <strong>EN</strong>
[2023-01-20 04:01:23] Key already cached.
[2023-01-20 04:01:23] Downloading 1 audio segments...
[2023-01-20 04:01:23] Downloading 1 video segments...
[2023-01-20 04:01:23] Processing segment: 301353707059200
[2023-01-20 04:01:23] Combining segments...
[2023-01-20 04:01:23] Finished processing segments.
[2023-01-20 04:01:23] Skip sleep period.
[2023-01-20 04:01:23] Current number of segments downloaded: 88
[2023-01-20 04:01:23] Updating segment text list.
[2023-01-20 04:01:23] Clearing old segments.
[2023-01-20 04:01:23] Backup database to file.

[2023-01-20 04:01:26] Start loop handler.
[2023-01-20 04:01:26] Memory usage: 0.62 MB
[2023-01-20 04:01:26] DRM Processes: 14
[2023-01-20 04:01:26] Fetching segments...
[2023-01-20 04:01:26] PSSH: AAAARXBzc2gAAAAA7e+LqXnWSs6jyCfc1R0h7QAAACUIARIQz7XitzvvTzyHjyWrhqdFHyIPZGF6bi1saW5lYXItMDI2
[2023-01-20 04:01:26] Trying to find audio track for language <strong>NL</strong>...
[2023-01-20 04:01:26] Couldn't find audio track
[2023-01-20 04:01:26] Audio stream set to <strong>EN</strong>
[2023-01-20 04:01:26] Key already cached.
[2023-01-20 04:01:26] Downloading 2 audio segments...
[2023-01-20 04:01:26] Downloading 2 video segments...
[2023-01-20 04:01:26] Processing segment: 301353707404800
[2023-01-20 04:01:26] Combining segments...
[2023-01-20 04:01:26] Processing segment: 301353707750400
[2023-01-20 04:01:26] Combining segments...
[2023-01-20 04:01:26] Finished processing segments.
[2023-01-20 04:01:26] Skip sleep period.
[2023-01-20 04:01:26] Current number of segments downloaded: 90
[2023-01-20 04:01:26] Updating segment text list.
[2023-01-20 04:01:26] Clearing old segments.
[2023-01-20 04:01:26] Backup database to file.

[2023-01-20 04:01:29] Start loop handler.
[2023-01-20 04:01:29] Memory usage: 0.62 MB
[2023-01-20 04:01:29] DRM Processes: 14
[2023-01-20 04:01:29] Fetching segments...
[2023-01-20 04:01:29] PSSH: AAAARXBzc2gAAAAA7e+LqXnWSs6jyCfc1R0h7QAAACUIARIQz7XitzvvTzyHjyWrhqdFHyIPZGF6bi1saW5lYXItMDI2
[2023-01-20 04:01:29] Trying to find audio track for language <strong>NL</strong>...
[2023-01-20 04:01:29] Couldn't find audio track
[2023-01-20 04:01:29] Audio stream set to <strong>EN</strong>
[2023-01-20 04:01:29] Key already cached.
[2023-01-20 04:01:29] Downloading 2 audio segments...
[2023-01-20 04:01:29] Downloading 2 video segments...
[2023-01-20 04:01:29] Processing segment: 301353708096000
[2023-01-20 04:01:29] Combining segments...
[2023-01-20 04:01:29] Processing segment: 301353708441600
[2023-01-20 04:01:29] Combining segments...
[2023-01-20 04:01:29] Finished processing segments.
[2023-01-20 04:01:29] Skip sleep period.
[2023-01-20 04:01:29] Current number of segments downloaded: 92
[2023-01-20 04:01:29] Updating segment text list.
[2023-01-20 04:01:29] Clearing old segments.
[2023-01-20 04:01:29] Backup database to file.

[2023-01-20 04:01:32] Start loop handler.
[2023-01-20 04:01:32] Memory usage: 0.62 MB
[2023-01-20 04:01:32] DRM Processes: 16
[2023-01-20 04:01:32] Fetching segments...
[2023-01-20 04:01:32] PSSH: AAAARXBzc2gAAAAA7e+LqXnWSs6jyCfc1R0h7QAAACUIARIQz7XitzvvTzyHjyWrhqdFHyIPZGF6bi1saW5lYXItMDI2
[2023-01-20 04:01:32] Trying to find audio track for language <strong>NL</strong>...
[2023-01-20 04:01:32] Couldn't find audio track
[2023-01-20 04:01:32] Audio stream set to <strong>EN</strong>
[2023-01-20 04:01:32] Key already cached.
[2023-01-20 04:01:32] Downloading 1 audio segments...
[2023-01-20 04:01:32] Downloading 1 video segments...
[2023-01-20 04:01:32] Processing segment: 301353708787200
[2023-01-20 04:01:32] Combining segments...
[2023-01-20 04:01:33] Finished processing segments.
[2023-01-20 04:01:33] Skip sleep period.
[2023-01-20 04:01:33] Current number of segments downloaded: 93
[2023-01-20 04:01:33] Updating segment text list.
[2023-01-20 04:01:33] Clearing old segments.
[2023-01-20 04:01:33] Backup database to file.

[2023-01-20 04:01:36] Start loop handler.
[2023-01-20 04:01:36] Memory usage: 0.62 MB
[2023-01-20 04:01:36] DRM Processes: 16
[2023-01-20 04:01:36] Fetching segments...
[2023-01-20 04:01:36] PSSH: AAAARXBzc2gAAAAA7e+LqXnWSs6jyCfc1R0h7QAAACUIARIQz7XitzvvTzyHjyWrhqdFHyIPZGF6bi1saW5lYXItMDI2
[2023-01-20 04:01:36] Trying to find audio track for language <strong>NL</strong>...
[2023-01-20 04:01:36] Couldn't find audio track
[2023-01-20 04:01:36] Audio stream set to <strong>EN</strong>
[2023-01-20 04:01:36] Key already cached.
[2023-01-20 04:01:36] Downloading 2 audio segments...
[2023-01-20 04:01:36] Downloading 2 video segments...
[2023-01-20 04:01:36] Processing segment: 301353709132800
[2023-01-20 04:01:36] Combining segments...
[2023-01-20 04:01:36] Processing segment: 301353709478400
[2023-01-20 04:01:36] Combining segments...
[2023-01-20 04:01:36] Finished processing segments.
[2023-01-20 04:01:36] Skip sleep period.
[2023-01-20 04:01:36] Current number of segments downloaded: 95
[2023-01-20 04:01:36] Updating segment text list.
[2023-01-20 04:01:36] Clearing old segments.
[2023-01-20 04:01:36] Backup database to file.

[2023-01-20 04:01:39] Start loop handler.
[2023-01-20 04:01:39] Memory usage: 0.62 MB
[2023-01-20 04:01:39] DRM Processes: 16
[2023-01-20 04:01:39] Fetching segments...
[2023-01-20 04:01:39] PSSH: AAAARXBzc2gAAAAA7e+LqXnWSs6jyCfc1R0h7QAAACUIARIQz7XitzvvTzyHjyWrhqdFHyIPZGF6bi1saW5lYXItMDI2
[2023-01-20 04:01:39] Trying to find audio track for language <strong>NL</strong>...
[2023-01-20 04:01:39] Couldn't find audio track
[2023-01-20 04:01:39] Audio stream set to <strong>EN</strong>
[2023-01-20 04:01:39] Key already cached.
[2023-01-20 04:01:39] Downloading 1 audio segments...
[2023-01-20 04:01:39] Downloading 1 video segments...
[2023-01-20 04:01:39] Processing segment: 301353709824000
[2023-01-20 04:01:39] Combining segments...
[2023-01-20 04:01:39] Finished processing segments.
[2023-01-20 04:01:39] Skip sleep period.
[2023-01-20 04:01:39] Current number of segments downloaded: 96
[2023-01-20 04:01:39] Updating segment text list.
[2023-01-20 04:01:39] Clearing old segments.
[2023-01-20 04:01:39] Backup database to file.

[2023-01-20 04:01:42] Start loop handler.
[2023-01-20 04:01:42] Memory usage: 0.62 MB
[2023-01-20 04:01:42] DRM Processes: 16
[2023-01-20 04:01:42] Fetching segments...
[2023-01-20 04:01:42] PSSH: AAAARXBzc2gAAAAA7e+LqXnWSs6jyCfc1R0h7QAAACUIARIQz7XitzvvTzyHjyWrhqdFHyIPZGF6bi1saW5lYXItMDI2
[2023-01-20 04:01:42] Trying to find audio track for language <strong>NL</strong>...
[2023-01-20 04:01:42] Couldn't find audio track
[2023-01-20 04:01:42] Audio stream set to <strong>EN</strong>
[2023-01-20 04:01:42] Key already cached.
[2023-01-20 04:01:42] Downloading 2 audio segments...
[2023-01-20 04:01:42] Downloading 2 video segments...
[2023-01-20 04:01:42] Processing segment: 301353710169600
[2023-01-20 04:01:42] Combining segments...
[2023-01-20 04:01:42] Processing segment: 301353710515200
[2023-01-20 04:01:42] Combining segments...
[2023-01-20 04:01:42] Finished processing segments.
[2023-01-20 04:01:42] Skip sleep period.
[2023-01-20 04:01:42] Current number of segments downloaded: 98
[2023-01-20 04:01:42] Updating segment text list.
[2023-01-20 04:01:42] Clearing old segments.
[2023-01-20 04:01:42] Backup database to file.

[2023-01-20 04:01:45] Start loop handler.
[2023-01-20 04:01:45] Memory usage: 0.62 MB
[2023-01-20 04:01:45] DRM Processes: 16
[2023-01-20 04:01:45] Fetching segments...
[2023-01-20 04:01:45] PSSH: AAAARXBzc2gAAAAA7e+LqXnWSs6jyCfc1R0h7QAAACUIARIQz7XitzvvTzyHjyWrhqdFHyIPZGF6bi1saW5lYXItMDI2
[2023-01-20 04:01:45] Trying to find audio track for language <strong>NL</strong>...
[2023-01-20 04:01:45] Couldn't find audio track
[2023-01-20 04:01:45] Audio stream set to <strong>EN</strong>
[2023-01-20 04:01:45] Key already cached.
[2023-01-20 04:01:45] Downloading 1 audio segments...
[2023-01-20 04:01:45] Downloading 1 video segments...
[2023-01-20 04:01:45] Processing segment: 301353710860800
[2023-01-20 04:01:45] Combining segments...
[2023-01-20 04:01:45] Finished processing segments.
[2023-01-20 04:01:45] Skip sleep period.
[2023-01-20 04:01:45] Current number of segments downloaded: 99
[2023-01-20 04:01:45] Updating segment text list.
[2023-01-20 04:01:45] Clearing old segments.
[2023-01-20 04:01:45] Backup database to file.

[2023-01-20 04:01:48] Start loop handler.
[2023-01-20 04:01:48] Memory usage: 0.62 MB
[2023-01-20 04:01:48] DRM Processes: 16
[2023-01-20 04:01:48] Fetching segments...
[2023-01-20 04:01:49] PSSH: AAAARXBzc2gAAAAA7e+LqXnWSs6jyCfc1R0h7QAAACUIARIQz7XitzvvTzyHjyWrhqdFHyIPZGF6bi1saW5lYXItMDI2
[2023-01-20 04:01:49] Trying to find audio track for language <strong>NL</strong>...
[2023-01-20 04:01:49] Couldn't find audio track
[2023-01-20 04:01:49] Audio stream set to <strong>EN</strong>
[2023-01-20 04:01:49] Key already cached.
[2023-01-20 04:01:49] Downloading 2 audio segments...
[2023-01-20 04:01:49] Downloading 2 video segments...
[2023-01-20 04:01:49] Processing segment: 301353711206400
[2023-01-20 04:01:49] Combining segments...
[2023-01-20 04:01:49] Processing segment: 301353711552000
[2023-01-20 04:01:49] Combining segments...
[2023-01-20 04:01:49] Finished processing segments.
[2023-01-20 04:01:49] Skip sleep period.
[2023-01-20 04:01:49] Current number of segments downloaded: 101
[2023-01-20 04:01:49] Updating segment text list.
[2023-01-20 04:01:49] Clearing old segments.
[2023-01-20 04:01:49] Backup database to file.

[2023-01-20 04:01:52] Start loop handler.
[2023-01-20 04:01:52] Memory usage: 0.62 MB
[2023-01-20 04:01:52] DRM Processes: 14
[2023-01-20 04:01:52] Fetching segments...
[2023-01-20 04:01:52] PSSH: AAAARXBzc2gAAAAA7e+LqXnWSs6jyCfc1R0h7QAAACUIARIQz7XitzvvTzyHjyWrhqdFHyIPZGF6bi1saW5lYXItMDI2
[2023-01-20 04:01:52] Trying to find audio track for language <strong>NL</strong>...
[2023-01-20 04:01:52] Couldn't find audio track
[2023-01-20 04:01:52] Audio stream set to <strong>EN</strong>
[2023-01-20 04:01:52] Key already cached.
[2023-01-20 04:01:52] Downloading 3 audio segments...
[2023-01-20 04:01:52] Downloading 3 video segments...
[2023-01-20 04:01:52] Processing segment: 301353711897600
[2023-01-20 04:01:52] Combining segments...
[2023-01-20 04:01:52] Processing segment: 301353712243200
[2023-01-20 04:01:52] Combining segments...
[2023-01-20 04:01:52] Processing segment: 301353712588800
[2023-01-20 04:01:52] Combining segments...
[2023-01-20 04:01:52] Finished processing segments.
[2023-01-20 04:01:52] Skip sleep period.
[2023-01-20 04:01:52] Current number of segments downloaded: 104
[2023-01-20 04:01:52] Updating segment text list.
[2023-01-20 04:01:52] Clearing old segments.
[2023-01-20 04:01:52] Backup database to file.

[2023-01-20 04:01:55] Start loop handler.
[2023-01-20 04:01:55] Memory usage: 0.62 MB
[2023-01-20 04:01:55] DRM Processes: 16
[2023-01-20 04:01:55] Fetching segments...
[2023-01-20 04:01:55] PSSH: AAAARXBzc2gAAAAA7e+LqXnWSs6jyCfc1R0h7QAAACUIARIQz7XitzvvTzyHjyWrhqdFHyIPZGF6bi1saW5lYXItMDI2
[2023-01-20 04:01:55] Trying to find audio track for language <strong>NL</strong>...
[2023-01-20 04:01:55] Couldn't find audio track
[2023-01-20 04:01:55] Audio stream set to <strong>EN</strong>
[2023-01-20 04:01:55] Key already cached.
[2023-01-20 04:01:55] Downloading 1 audio segments...
[2023-01-20 04:01:55] Downloading 1 video segments...
[2023-01-20 04:01:55] Processing segment: 301353712934400
[2023-01-20 04:01:55] Combining segments...
[2023-01-20 04:01:55] Finished processing segments.
[2023-01-20 04:01:55] Skip sleep period.
[2023-01-20 04:01:55] Current number of segments downloaded: 105
[2023-01-20 04:01:55] Updating segment text list.
[2023-01-20 04:01:55] Clearing old segments.
[2023-01-20 04:01:55] Backup database to file.

